// Jest Snapshot v1, https://goo.gl/fbAQLP

exports[`App Renders App 1`] = `[Function]`;
