// Jest Snapshot v1, https://goo.gl/fbAQLP

exports[`App Renders Text input 1`] = `[Function]`;
