// Jest Snapshot v1, https://goo.gl/fbAQLP

exports[`App Renders App 1`] = `[Function]`;

exports[`App Renders Appp 1`] = `[Function]`;

exports[`App Renders Text input 1`] = `[Function]`;
